[www.theteafactory.ca/index.html]
[backblue.gif]
[fade.gif]
[index.html]
[www.theteafactory.ca/wp-content/themes/theteafactory/library/images/apple-icon-touch.png]
[www.theteafactory.ca/wp-content/themes/theteafactory/favicon.png]
[www.theteafactory.ca/xmlrpc.php]
[www.theteafactory.ca/wp-content/themes/theteafactory/library/css/style.css]
[use.typekit.net/cdn8fet.js]
[www.theteafactory.ca/wp-content/themes/theteafactory/library/images/logo.svg]
[www.theteafactory.ca/feed/index.html]
[www.theteafactory.ca/we-are-calgarys-premium-tea-house/feed/index.html]
[www.theteafactory.ca/wp-content/themes/theteafactory/library/images/time-for-tea.png]
[www.theteafactory.ca/wp-content/themes/theteafactory/library/images/promo-fall-teas.png]
[www.theteafactory.ca/wp-content/themes/theteafactory/library/images/teas-promo.png]
[www.theteafactory.ca/wp-content/themes/theteafactory/library/images/factory.svg]
[www.theteafactory.ca/our-teas/index.html]
[www.theteafactory.ca/our-coffee/index.html]
[www.theteafactory.ca/menu/index.html]
[www.theteafactory.ca/wp-content/uploads/2013/10/autumn_orange_spice_gourmet_tea__85086.jpg]
[www.theteafactory.ca/about/index.html]
[www.theteafactory.ca/about/our-difference/index.html]
[www.theteafactory.ca/about/why-tea/index.html]
[www.theteafactory.ca/about/brewing-guide/index.html]
[www.theteafactory.ca/news/index.html]
[www.theteafactory.ca/contact/index.html]
[code.jquery.com/jquery-1.10.1.min.js]
[www.theteafactory.ca/contact/wholesale/index.html]
[www.theteafactory.ca/our-new-website-has-launched/index.html]
[www.theteafactory.ca/wp-content/themes/theteafactory/library/js/vendor/jquery.fittext.js]
[www.theteafactory.ca/index.html]
[www.theteafactory.ca/wp-content/themes/theteafactory/library/js/foundation/foundation.min.js]
[www.theteafactory.ca/accessories/index.html]
[www.theteafactory.ca/comments/feed/index.html]
[www.theteafactory.ca/privacy-policy/index.html]
[www.theteafactory.ca/wp-content/themes/theteafactory/library/fonts/theteafactory.woff]
[www.theteafactory.ca/wp-content/themes/theteafactory/library/fonts/theteafactory.eot]
[www.theteafactory.ca/wp-content/themes/theteafactory/library/fonts/theteafactoryd41d.eot]
[www.theteafactory.ca/wp-content/themes/theteafactory/library/fonts/theteafactory.ttf]
[www.theteafactory.ca/wp-content/themes/theteafactory/library/fonts/theteafactory.svg]
[www.theteafactory.ca/wp-content/themes/theteafactory/library/images/dot-black.svg]
[www.theteafactory.ca/wp-content/themes/theteafactory/library/images/png/dot-black.png]
[www.theteafactory.ca/wp-content/themes/theteafactory/library/images/banner-bg.jpg]
[www.theteafactory.ca/wp-content/themes/theteafactory/library/images/dot.svg]
[www.theteafactory.ca/wp-content/themes/theteafactory/library/images/png/dot.png]
[www.theteafactory.ca/wp-content/themes/theteafactory/library/images/lines-inverted.png]
[www.theteafactory.ca/wp-content/themes/theteafactory/library/css/style.css]
[www.theteafactory.ca/wp-content/themes/theteafactory/library/images/logo.svg]
[www.theteafactory.ca/wp-content/uploads/2013/10/acai_berry_gourmet_tea__68594-307x356.jpg]
[www.theteafactory.ca/our-teas/feed/index.html]
[www.theteafactory.ca/wp-content/uploads/2013/10/White_Peony-356x267.jpg]
[www.theteafactory.ca/tea/white-acai/index.html]
[www.theteafactory.ca/wp-content/uploads/2013/10/blood_orange_gourmet_tea__63978-307x356.jpg]
[www.theteafactory.ca/tea/white-peony-bai-mu-dan/index.html]
[www.theteafactory.ca/wp-content/uploads/2013/10/ginger_peach_gourmet_tea__81476-307x356.jpg]
[www.theteafactory.ca/wp-content/uploads/2013/10/melon_pear_gourmet_tea_bulk__61923-307x356.jpg]
[www.theteafactory.ca/tea/blood-orange/index.html]
[www.theteafactory.ca/wp-content/uploads/2013/10/moonlight_white_gourmet_tea__98888-307x356.jpg]
[www.theteafactory.ca/wp-content/uploads/2013/10/pomegranate_gourmet_tea__93933-307x356.jpg]
[www.theteafactory.ca/wp-content/uploads/2013/10/silver_needle_gourmet_tea_bulk__89437-307x356.jpg]
[www.theteafactory.ca/tea/ginger-peach/index.html]
[www.theteafactory.ca/tea/melon-pear/index.html]
[www.theteafactory.ca/tea/pomegranate/index.html]
[www.theteafactory.ca/tea/moonlight-white/index.html]
[www.theteafactory.ca/wp-content/uploads/2013/10/strawberry_gourmet_tea_bulk__56298-307x356.jpg]
[www.theteafactory.ca/tea/silver-needle/index.html]
[www.theteafactory.ca/wp-content/uploads/2013/10/wild_blueberry_gourmet_tea_bulk__03263-307x356.jpg]
[www.theteafactory.ca/tea/strawberry/index.html]
[www.theteafactory.ca/wp-content/uploads/2013/10/White-Guava-Ginger-2-356x267.jpg]
[www.theteafactory.ca/tea/wild-blueberry/index.html]
[www.theteafactory.ca/wp-content/uploads/2013/10/White-Goji-Blossom-Iced-356x236.jpg]
[www.theteafactory.ca/tea/white-guava-ginger/index.html]
[www.theteafactory.ca/wp-content/uploads/2013/10/Silver_Needle_Chrysanthemum-356x237.jpg]
[www.theteafactory.ca/tea/white-goji-blossom/index.html]
[www.theteafactory.ca/wp-content/uploads/2013/10/Apple-Tea-ni-Iced-356x267.jpg]
[www.theteafactory.ca/tea/silver-needle-chrysanthemum/index.html]
[www.theteafactory.ca/wp-content/uploads/2013/10/blooming_lime_gourmet_tea_bulk__13241-307x356.jpg]
[www.theteafactory.ca/tea/apple-teani/index.html]
[www.theteafactory.ca/wp-content/uploads/2013/10/chunmee.jpg]
[www.theteafactory.ca/tea/blooming-lime/index.html]
[www.theteafactory.ca/wp-content/uploads/2013/10/jasmine_green_gourmet_tea__76933-307x356.jpg]
[www.theteafactory.ca/wp-content/uploads/2013/10/jasmine_pearl_gourmet_tea__58526-307x356.jpg]
[www.theteafactory.ca/tea/chunmee-premium/index.html]
[www.theteafactory.ca/wp-content/uploads/2013/10/kukicha_twig_tea_gourmet_tea__09751-307x356.jpg]
[www.theteafactory.ca/tea/jasmine/index.html]
[www.theteafactory.ca/tea/jasmine-pearl/index.html]
[www.theteafactory.ca/wp-content/uploads/2013/10/peppermint_brisk_gourmet_tea__94552-307x356.jpg]
[www.theteafactory.ca/wp-content/uploads/2013/10/Sencha.jpg]
[www.theteafactory.ca/tea/kukicha-twig/index.html]
[www.theteafactory.ca/wp-content/uploads/2013/10/supreme_green_gourmet_tea__18229-307x356.jpg]
[www.theteafactory.ca/tea/peppermint-brisk/index.html]
[www.theteafactory.ca/wp-content/uploads/2013/10/tangerine_ginger_gourmet_tea_bulk__26898-307x356.jpg]
[www.theteafactory.ca/tea/supreme-green/index.html]
[www.theteafactory.ca/wp-content/uploads/2013/10/white_monkey_green_tea_pile__89694-307x356.jpg]
[www.theteafactory.ca/tea/sencha/index.html]
[www.theteafactory.ca/tea/tangerine-ginger/index.html]
[www.theteafactory.ca/wp-content/uploads/2013/10/green_tropic_gourmet_tea_bulk__05196-307x356.jpg]
[www.theteafactory.ca/tea/white-monkey/index.html]
[www.theteafactory.ca/wp-content/uploads/2013/10/jade_blueberry_gourmet_tea__47397-307x356.jpg]
[www.theteafactory.ca/tea/green-tropic/index.html]
[www.theteafactory.ca/wp-content/uploads/2013/10/roasted_hojicha_gourmet_tea__71991-307x356.jpg]
[www.theteafactory.ca/tea/jade-blueberry/index.html]
[www.theteafactory.ca/wp-content/uploads/2013/10/dragonwell_gourmet_tea__89382-307x356.jpg]
[www.theteafactory.ca/wp-content/uploads/2013/10/green-earl-grey.jpg]
[www.theteafactory.ca/tea/toasted-hojicha/index.html]
[www.theteafactory.ca/tea/dragon-well/index.html]
[www.theteafactory.ca/wp-content/uploads/2013/10/emerald_spring_gourmet_tea__42769-307x356.jpg]
[www.theteafactory.ca/tea/green-earl-grey/index.html]
[www.theteafactory.ca/wp-content/uploads/2013/10/japanese_genmaicha_gourmet_tea__75098-307x356.jpg]
[www.theteafactory.ca/tea/emerald-well/index.html]
[www.theteafactory.ca/wp-content/uploads/2013/10/himalayan_green_gourmet_tea__64175-307x356.jpg]
[www.theteafactory.ca/tea/genmaicha/index.html]
[www.theteafactory.ca/wp-content/uploads/2013/10/green_lemon_gourmet_tea_bulk__93638-307x356.jpg]
[www.theteafactory.ca/tea/green-himalayan/index.html]
[www.theteafactory.ca/wp-content/uploads/2013/10/green_power_up.jpg]
[www.theteafactory.ca/tea/green-lemon/index.html]
[www.theteafactory.ca/wp-content/uploads/2013/10/Organic_Gunpowder1-356x267.jpg]
[www.theteafactory.ca/tea/green-power-up/index.html]
[www.theteafactory.ca/wp-content/uploads/2013/10/Uji_Gyokuro1-356x236.jpg]
[www.theteafactory.ca/wp-content/uploads/2013/10/Tie_Kuan_Yin-356x237.jpg]
[www.theteafactory.ca/tea/gunpowder/index.html]
[www.theteafactory.ca/wp-content/uploads/2013/10/rose_garden_gourmet_tea_bulk__46828-307x356.jpg]
[www.theteafactory.ca/tea/gyokuru/index.html]
[www.theteafactory.ca/wp-content/uploads/2013/10/orange_blossom_gourmet_tea__36229-307x356.jpg]
[www.theteafactory.ca/tea/tie-kuan-yin/index.html]
[www.theteafactory.ca/wp-content/uploads/2013/10/orchid_mist_gourmet_tea__05732-307x356.jpg]
[www.theteafactory.ca/tea/rose-garden/index.html]
[www.theteafactory.ca/wp-content/uploads/2013/10/purple_oolong-356x237.jpg]
[www.theteafactory.ca/tea/orange-blossom/index.html]
[www.theteafactory.ca/wp-content/uploads/2013/10/pouchong-356x236.jpg]
[www.theteafactory.ca/tea/orchid-mist/index.html]
[www.theteafactory.ca/wp-content/uploads/2013/10/apricot_oolong_gourmet_tea__15338-307x356.jpg]
[www.theteafactory.ca/tea/purple-oolong/index.html]
[www.theteafactory.ca/tea/pouchong-high-grade/index.html]
[www.theteafactory.ca/wp-content/uploads/2013/10/golden_dragon_gourmet_tea__80188-307x356.jpg]
[www.theteafactory.ca/tea/apricot-oolong/index.html]
[www.theteafactory.ca/wp-content/uploads/2013/10/lemongrass_oolong_gourmet_tea_bulk__32669-307x356.jpg]
[www.theteafactory.ca/wp-content/uploads/2013/10/silver_mountain_spring_gourmet_tea_bulk__25222-307x356.jpg]
[www.theteafactory.ca/tea/golden-dragon/index.html]
[www.theteafactory.ca/wp-content/uploads/2013/10/vanilla_chai_gourmet_tea_bulk_copy__03706-307x356.jpg]
[www.theteafactory.ca/tea/lemongrass/index.html]
[www.theteafactory.ca/wp-content/uploads/2013/10/Wild_Raspberry_gourmet_tea_bulk__18342-307x356.jpg]
[www.theteafactory.ca/tea/silver-mountain-spring/index.html]
[www.theteafactory.ca/wp-content/uploads/2013/10/grand_earl_grey_gourmet_tea__74540-307x356.jpg]
[www.theteafactory.ca/tea/vanilla-chai/index.html]
[www.theteafactory.ca/tea/wild-raspberry/index.html]
[www.theteafactory.ca/wp-content/uploads/2013/10/french_breakfast_gourmet_tea__54169-307x356.jpg]
[www.theteafactory.ca/wp-content/uploads/2013/10/Passionfruit-Jasmine-Iced-356x237.jpg]
[www.theteafactory.ca/tea/grande-earl-gray/index.html]
[www.theteafactory.ca/wp-content/uploads/2013/10/Golden-Monkey-356x267.jpg]
[www.theteafactory.ca/tea/french-breakfast/index.html]
[www.theteafactory.ca/wp-content/uploads/2013/10/raspberry_lychee_gourmet_tea_bulk__33117-307x356.jpg]
[www.theteafactory.ca/tea/passionfruit-jasmine/index.html]
[www.theteafactory.ca/tea/golden-monkey/index.html]
[www.theteafactory.ca/wp-content/uploads/2013/10/Garden-of-Eden-Iced-356x237.jpg]
[www.theteafactory.ca/wp-content/uploads/2013/10/Organic_Lapsang_Souchong_Superior-356x267.jpg]
[www.theteafactory.ca/tea/lychee-peach/index.html]
[www.theteafactory.ca/tea/garden-of-eden/index.html]
[www.theteafactory.ca/wp-content/uploads/2013/10/vanilla_coconut_gourmet_tea_bulk__18629-307x356.jpg]
[www.theteafactory.ca/tea/lapsang-souchong/index.html]
[www.theteafactory.ca/wp-content/uploads/2013/10/mumbai_chai_gourmet_tea_bulk__99164-307x356.jpg]
[www.theteafactory.ca/tea/vanilla-coconut/index.html]
[www.theteafactory.ca/wp-content/uploads/2013/10/assam.jpg]
[www.theteafactory.ca/tea/mumbai-chai/index.html]
[www.theteafactory.ca/wp-content/uploads/2013/10/autumn_orange_spice_gourmet_tea__85086-307x356.jpg]
[www.theteafactory.ca/tea/assam-gold/index.html]
[www.theteafactory.ca/wp-content/uploads/2013/10/chai_express_gourmet_tea__52775-307x356.jpg]
[www.theteafactory.ca/tea/autumn-orange-spice/index.html]
[www.theteafactory.ca/wp-content/uploads/2013/10/chocolate_chai_gourmet_tea_pile__36601-307x356.jpg]
[www.theteafactory.ca/tea/chai-express/index.html]
[www.theteafactory.ca/wp-content/uploads/2013/10/cinnamon_plum_gourmet_tea_bulk__56525-307x356.jpg]
[www.theteafactory.ca/tea/chocolate-chai/index.html]
[www.theteafactory.ca/wp-content/uploads/2013/10/citrus_zip_gourmet_tea_bulk__29651-307x356.jpg]
[www.theteafactory.ca/tea/cinnamon-plum/index.html]
[www.theteafactory.ca/wp-content/uploads/2013/10/afternoon_darjeeling_gourmet_tea__69677-307x356.jpg]
[www.theteafactory.ca/wp-content/uploads/2013/10/english_breakfast_gourmet_tea__53835-307x356.jpg]
[www.theteafactory.ca/tea/citrus-zip/index.html]
[www.theteafactory.ca/wp-content/uploads/2013/10/ancient_yunnan_gourmet_tea__78039-307x356.jpg]
[www.theteafactory.ca/tea/darjeeling/index.html]
[www.theteafactory.ca/tea/english-breakfast/index.html]
[www.theteafactory.ca/wp-content/uploads/2013/10/irish_breakfast_gourmet_tea__00342-307x356.jpg]
[www.theteafactory.ca/tea/forbidden-yunnan/index.html]
[www.theteafactory.ca/wp-content/uploads/2013/10/Puerh_2-356x237.jpg]
[www.theteafactory.ca/tea/irish-breakfast/index.html]
[www.theteafactory.ca/wp-content/uploads/2013/10/golden_puerh-356x236.jpg]
[www.theteafactory.ca/wp-content/uploads/2013/10/apple_pie_gourmet_tea_bulk__16789-307x356.jpg]
[www.theteafactory.ca/tea/puerh-2/index.html]
[www.theteafactory.ca/wp-content/uploads/2013/10/african_bloom_gourmet_tea_bulk__69000-307x356.jpg]
[www.theteafactory.ca/tea/golden-puerh-limited/index.html]
[www.theteafactory.ca/wp-content/uploads/2013/10/berry_sweet_dreams_gourmet_tea_bulk__27439-307x356.jpg]
[www.theteafactory.ca/tea/apple-pie/index.html]
[www.theteafactory.ca/wp-content/uploads/2013/10/berries_and_cream_pile__83721-307x356.jpg]
[www.theteafactory.ca/tea/african-bloom/index.html]
[www.theteafactory.ca/tea/berry-sweet-dreams/index.html]
[www.theteafactory.ca/wp-content/uploads/2013/10/chocolate_mint_gourmet_tea_bulk__60751-307x356.jpg]
[www.theteafactory.ca/tea/berries-and-cream/index.html]
[www.theteafactory.ca/wp-content/uploads/2013/10/cinnamon_orange_gourmet_tea__15279-307x356.jpg]
[www.theteafactory.ca/wp-content/uploads/2013/10/hibiscus_peach_gourmet_tea__25084-307x356.jpg]
[www.theteafactory.ca/tea/chocolate-mint/index.html]
[www.theteafactory.ca/wp-content/uploads/2013/10/passion_fruit_gourmet_tea__82523-307x356.jpg]
[www.theteafactory.ca/wp-content/uploads/2013/10/velvet_vanilla_gourmet_tea_bulk__21621-307x356.jpg]
[www.theteafactory.ca/tea/cinnamon-orange/index.html]
[www.theteafactory.ca/tea/hibiscus-peach/index.html]
[www.theteafactory.ca/wp-content/uploads/2013/10/Lazy_dazy.jpg]
[www.theteafactory.ca/tea/passion-fruit/index.html]
[www.theteafactory.ca/wp-content/uploads/2013/10/detox.jpg]
[www.theteafactory.ca/wp-content/uploads/2013/10/razzlemint.jpg]
[www.theteafactory.ca/tea/velvet-vanilla/index.html]
[www.theteafactory.ca/wp-content/uploads/2013/10/serendipitea.jpg]
[www.theteafactory.ca/tea/lazy-dazy/index.html]
[www.theteafactory.ca/tea/detox-tea/index.html]
[www.theteafactory.ca/wp-content/uploads/2013/10/Sniffle-Cure.jpg]
[www.theteafactory.ca/tea/razzle-dazzle/index.html]
[www.theteafactory.ca/tea/serendipitea/index.html]
[www.theteafactory.ca/wp-content/uploads/2013/10/tranquil_dream_gourmet_tea_bulk__89862-307x356.jpg]
[www.theteafactory.ca/tea/sniffle-cure/index.html]
[www.theteafactory.ca/wp-content/uploads/2013/10/ginger_cinnamon_spice_gourmet_tea__06893-307x356.jpg]
[www.theteafactory.ca/wp-content/uploads/2013/10/cinnamon_chai_gourmet_tea_bulk__28361-307x356.jpg]
[www.theteafactory.ca/tea/tranquil-dream/index.html]
[www.theteafactory.ca/wp-content/uploads/2013/10/afternoon_breeze.jpg]
[www.theteafactory.ca/tea/cinnamon-ginger/index.html]
[www.theteafactory.ca/wp-content/uploads/2013/10/calming_chamomile_gourmet_tea__63624-307x356.jpg]
[www.theteafactory.ca/tea/cinnamon-chai/index.html]
[www.theteafactory.ca/tea/afternoon-breeze/index.html]
[www.theteafactory.ca/wp-content/uploads/2013/10/chai_mate_spice_gourmet_tea_bulk__75379-307x356.jpg]
[www.theteafactory.ca/tea/calming-chamomile/index.html]
[www.theteafactory.ca/wp-content/uploads/2013/10/amazon_-mint_mate_bulk__73527-307x356.jpg]
[www.theteafactory.ca/tea/chai-mate-spice/index.html]
[www.theteafactory.ca/wp-content/uploads/2013/10/lemon_rain_gourmet_tea_bulk__60122-307x356.jpg]
[www.theteafactory.ca/tea/amazon-mint/index.html]
[www.theteafactory.ca/wp-content/uploads/2013/10/Happy_Tea-356x267.jpg]
[www.theteafactory.ca/tea/lemon-rain/index.html]
[www.theteafactory.ca/wp-content/uploads/2013/10/Cucumber-Mint-356x267.jpg]
[www.theteafactory.ca/tea/happy-tea/index.html]
[www.theteafactory.ca/wp-content/themes/theteafactory/library/images/steam-puff.svg]
[www.theteafactory.ca/our-teas/index.html]
[www.theteafactory.ca/tea/cucumber-mint/index.html]
[www.theteafactory.ca/wp-content/uploads/2013/09/coffee-equipment.jpg]
[www.theteafactory.ca/wp-content/uploads/2013/09/coffee-fratello.jpg]
[www.theteafactory.ca/our-coffee/feed/index.html]
[www.theteafactory.ca/our-coffee/index.html]
[www.theteafactory.ca/wp-content/uploads/2013/09/menu.jpg]
[www.theteafactory.ca/menu/index.html]
[www.theteafactory.ca/menu/feed/index.html]
[www.theteafactory.ca/wp-content/uploads/2013/09/inside.jpg]
[www.theteafactory.ca/about/feed/index.html]
[www.theteafactory.ca/about/index.html]
[www.theteafactory.ca/wp-content/uploads/2013/09/difference.jpg]
[www.theteafactory.ca/about/our-difference/index.html]
[www.theteafactory.ca/about/our-difference/feed/index.html]
[www.theteafactory.ca/wp-content/uploads/2013/09/chart-caffeine.png]
[www.theteafactory.ca/about/why-tea/feed/index.html]
[www.theteafactory.ca/wp-content/uploads/2013/09/whytea-sm.jpg]
[www.theteafactory.ca/about/why-tea/index.html]
[www.theteafactory.ca/wp-content/uploads/2013/10/step-one.jpg]
[www.theteafactory.ca/about/brewing-guide/feed/index.html]
[www.theteafactory.ca/wp-content/uploads/2013/10/step-two.jpg]
[www.theteafactory.ca/wp-content/uploads/2013/10/step-three.jpg]
[www.theteafactory.ca/wp-content/uploads/2013/10/step-four.jpg]
[www.theteafactory.ca/wp-content/uploads/2013/10/step-five.jpg]
[www.theteafactory.ca/wp-content/uploads/2013/10/step-six.jpg]
[www.theteafactory.ca/wp-content/uploads/2013/09/step-seven.png]
[www.theteafactory.ca/about/brewing-guide/index.html]
[www.theteafactory.ca/wp-content/uploads/2013/10/post-1.jpg]
[www.theteafactory.ca/news/index.html]
[www.theteafactory.ca/contact/index.html]
[www.theteafactory.ca/category/general-news/index.html]
[www.theteafactory.ca/contact/wholesale/index.html]
[www.theteafactory.ca/contact/feed/index.html]
[www.theteafactory.ca/contact/wholesale/feed/index.html]
[www.theteafactory.ca/wp-content/themes/theteafactory/library/images/factory.svg]
[www.theteafactory.ca/autumn-orange-spice/index.html]
[connect.facebook.net/en_US/all.js]
[www.theteafactory.ca/our-new-website-has-launched/feed/index.html]
[platform.twitter.com/widgets.js]
[www.theteafactory.ca/our-new-website-has-launched/index.html]
[www.theteafactory.ca/accessories/index.html]
[www.theteafactory.ca/privacy-policy/index.html]
[www.theteafactory.ca/accessories/feed/index.html]
[code.jquery.com/jquery-1.10.1.min.js]
[www.theteafactory.ca/wp-content/themes/theteafactory/library/fonts/theteafactory.svg]
[www.theteafactory.ca/wp-content/themes/theteafactory/library/images/dot-black.svg]
[www.theteafactory.ca/wp-content/themes/theteafactory/library/images/dot.svg]
[www.theteafactory.ca/privacy-policy/feed/index.html]
[www.theteafactory.ca/wp-content/uploads/2013/10/acai_berry_gourmet_tea__68594.jpg]
[www.theteafactory.ca/wp-content/themes/theteafactory/library/images/certified-organic.png]
[www.theteafactory.ca/tea/white-acai/index.html]
[www.theteafactory.ca/wp-content/uploads/2013/10/White_Peony.jpg]
[www.theteafactory.ca/tea/white-peony-bai-mu-dan/index.html]
[www.theteafactory.ca/wp-content/uploads/2013/10/blood_orange_gourmet_tea__63978.jpg]
[www.theteafactory.ca/tea/blood-orange/index.html]
[www.theteafactory.ca/wp-content/uploads/2013/10/ginger_peach_gourmet_tea__81476.jpg]
[www.theteafactory.ca/tea/ginger-peach/index.html]
[www.theteafactory.ca/wp-content/uploads/2013/10/melon_pear_gourmet_tea_bulk__61923.jpg]
[www.theteafactory.ca/tea/melon-pear/index.html]
[www.theteafactory.ca/wp-content/uploads/2013/10/moonlight_white_gourmet_tea__98888.jpg]
[www.theteafactory.ca/tea/moonlight-white/index.html]
[www.theteafactory.ca/wp-content/uploads/2013/10/pomegranate_gourmet_tea__93933.jpg]
[www.theteafactory.ca/tea/pomegranate/index.html]
[www.theteafactory.ca/wp-content/uploads/2013/10/silver_needle_gourmet_tea_bulk__89437.jpg]
[www.theteafactory.ca/tea/silver-needle/index.html]
[www.theteafactory.ca/wp-content/uploads/2013/10/strawberry_gourmet_tea_bulk__56298.jpg]
[www.theteafactory.ca/tea/strawberry/index.html]
[www.theteafactory.ca/wp-content/uploads/2013/10/wild_blueberry_gourmet_tea_bulk__03263.jpg]
[www.theteafactory.ca/tea/wild-blueberry/index.html]
[www.theteafactory.ca/wp-content/uploads/2013/10/White-Guava-Ginger-2.jpg]
[www.theteafactory.ca/tea/white-guava-ginger/index.html]
[www.theteafactory.ca/wp-content/uploads/2013/10/White-Goji-Blossom-Iced.jpg]
[www.theteafactory.ca/tea/white-goji-blossom/index.html]
[www.theteafactory.ca/wp-content/uploads/2013/10/Silver_Needle_Chrysanthemum.jpg]
[www.theteafactory.ca/tea/silver-needle-chrysanthemum/index.html]
[www.theteafactory.ca/wp-content/uploads/2013/10/Apple-Tea-ni-Iced.jpg]
[www.theteafactory.ca/tea/apple-teani/index.html]
[www.theteafactory.ca/wp-content/uploads/2013/10/blooming_lime_gourmet_tea_bulk__13241.jpg]
[www.theteafactory.ca/tea/blooming-lime/index.html]
[www.theteafactory.ca/tea/chunmee-premium/index.html]
[www.theteafactory.ca/wp-content/uploads/2013/10/jasmine_green_gourmet_tea__76933.jpg]
[www.theteafactory.ca/wp-content/themes/theteafactory/library/images/certified-fair-trade.png]
[www.theteafactory.ca/tea/jasmine/index.html]
[www.theteafactory.ca/wp-content/uploads/2013/10/jasmine_pearl_gourmet_tea__58526.jpg]
[www.theteafactory.ca/tea/jasmine-pearl/index.html]
[www.theteafactory.ca/wp-content/uploads/2013/10/kukicha_twig_tea_gourmet_tea__09751.jpg]
[www.theteafactory.ca/tea/kukicha-twig/index.html]
[www.theteafactory.ca/wp-content/uploads/2013/10/peppermint_brisk_gourmet_tea__94552.jpg]
[www.theteafactory.ca/tea/peppermint-brisk/index.html]
[www.theteafactory.ca/tea/sencha/index.html]
[www.theteafactory.ca/wp-content/uploads/2013/10/supreme_green_gourmet_tea__18229.jpg]
[www.theteafactory.ca/tea/supreme-green/index.html]
[www.theteafactory.ca/wp-content/uploads/2013/10/tangerine_ginger_gourmet_tea_bulk__26898.jpg]
[www.theteafactory.ca/tea/tangerine-ginger/index.html]
[www.theteafactory.ca/wp-content/uploads/2013/10/white_monkey_green_tea_pile__89694.jpg]
[www.theteafactory.ca/tea/white-monkey/index.html]
[www.theteafactory.ca/wp-content/uploads/2013/10/green_tropic_gourmet_tea_bulk__05196.jpg]
[www.theteafactory.ca/tea/green-tropic/index.html]
[www.theteafactory.ca/wp-content/uploads/2013/10/jade_blueberry_gourmet_tea__47397.jpg]
[www.theteafactory.ca/tea/jade-blueberry/index.html]
[www.theteafactory.ca/wp-content/uploads/2013/10/roasted_hojicha_gourmet_tea__71991.jpg]
[www.theteafactory.ca/tea/toasted-hojicha/index.html]
[www.theteafactory.ca/wp-content/uploads/2013/10/dragonwell_gourmet_tea__89382.jpg]
[www.theteafactory.ca/tea/dragon-well/index.html]
[www.theteafactory.ca/tea/green-earl-grey/index.html]
[www.theteafactory.ca/wp-content/uploads/2013/10/emerald_spring_gourmet_tea__42769.jpg]
[www.theteafactory.ca/tea/emerald-well/index.html]
[www.theteafactory.ca/wp-content/uploads/2013/10/japanese_genmaicha_gourmet_tea__75098.jpg]
[www.theteafactory.ca/tea/genmaicha/index.html]
[www.theteafactory.ca/wp-content/uploads/2013/10/himalayan_green_gourmet_tea__64175.jpg]
[www.theteafactory.ca/tea/green-himalayan/index.html]
[www.theteafactory.ca/wp-content/uploads/2013/10/green_lemon_gourmet_tea_bulk__93638.jpg]
[www.theteafactory.ca/tea/green-lemon/index.html]
[www.theteafactory.ca/tea/green-power-up/index.html]
[www.theteafactory.ca/wp-content/uploads/2013/10/Organic_Gunpowder1.jpg]
[www.theteafactory.ca/tea/gunpowder/index.html]
[www.theteafactory.ca/wp-content/uploads/2013/10/Uji_Gyokuro1.jpg]
[www.theteafactory.ca/tea/gyokuru/index.html]
[www.theteafactory.ca/wp-content/uploads/2013/10/Tie_Kuan_Yin.jpg]
[www.theteafactory.ca/tea/tie-kuan-yin/index.html]
[www.theteafactory.ca/wp-content/uploads/2013/10/rose_garden_gourmet_tea_bulk__46828.jpg]
[www.theteafactory.ca/tea/rose-garden/index.html]
[www.theteafactory.ca/wp-content/uploads/2013/10/orange_blossom_gourmet_tea__36229.jpg]
[www.theteafactory.ca/tea/orange-blossom/index.html]
[www.theteafactory.ca/wp-content/uploads/2013/10/orchid_mist_gourmet_tea__05732.jpg]
[www.theteafactory.ca/tea/orchid-mist/index.html]
[www.theteafactory.ca/wp-content/uploads/2013/10/purple_oolong.jpg]
[www.theteafactory.ca/tea/purple-oolong/index.html]
[www.theteafactory.ca/wp-content/uploads/2013/10/pouchong.jpg]
[www.theteafactory.ca/tea/pouchong-high-grade/index.html]
[www.theteafactory.ca/wp-content/uploads/2013/10/apricot_oolong_gourmet_tea__15338.jpg]
[www.theteafactory.ca/tea/apricot-oolong/index.html]
[www.theteafactory.ca/wp-content/uploads/2013/10/golden_dragon_gourmet_tea__80188.jpg]
[www.theteafactory.ca/tea/golden-dragon/index.html]
[www.theteafactory.ca/wp-content/uploads/2013/10/lemongrass_oolong_gourmet_tea_bulk__32669.jpg]
[www.theteafactory.ca/tea/lemongrass/index.html]
[www.theteafactory.ca/wp-content/uploads/2013/10/silver_mountain_spring_gourmet_tea_bulk__25222.jpg]
[www.theteafactory.ca/tea/silver-mountain-spring/index.html]
[www.theteafactory.ca/wp-content/uploads/2013/10/vanilla_chai_gourmet_tea_bulk_copy__03706.jpg]
[www.theteafactory.ca/tea/vanilla-chai/index.html]
[www.theteafactory.ca/wp-content/uploads/2013/10/Wild_Raspberry_gourmet_tea_bulk__18342.jpg]
[www.theteafactory.ca/tea/wild-raspberry/index.html]
[www.theteafactory.ca/wp-content/uploads/2013/10/grand_earl_grey_gourmet_tea__74540.jpg]
[www.theteafactory.ca/tea/grande-earl-gray/index.html]
[www.theteafactory.ca/wp-content/uploads/2013/10/french_breakfast_gourmet_tea__54169.jpg]
[www.theteafactory.ca/tea/french-breakfast/index.html]
[www.theteafactory.ca/wp-content/uploads/2013/10/Passionfruit-Jasmine-Iced.jpg]
[www.theteafactory.ca/tea/passionfruit-jasmine/index.html]
[www.theteafactory.ca/wp-content/uploads/2013/10/Golden-Monkey.jpg]
[www.theteafactory.ca/tea/golden-monkey/index.html]
[www.theteafactory.ca/wp-content/uploads/2013/10/raspberry_lychee_gourmet_tea_bulk__33117.jpg]
[www.theteafactory.ca/tea/lychee-peach/index.html]
[www.theteafactory.ca/wp-content/uploads/2013/10/Garden-of-Eden-Iced.jpg]
[www.theteafactory.ca/tea/garden-of-eden/index.html]
[www.theteafactory.ca/wp-content/uploads/2013/10/Organic_Lapsang_Souchong_Superior.jpg]
[www.theteafactory.ca/tea/lapsang-souchong/index.html]
[www.theteafactory.ca/wp-content/uploads/2013/10/vanilla_coconut_gourmet_tea_bulk__18629.jpg]
[www.theteafactory.ca/tea/vanilla-coconut/index.html]
[www.theteafactory.ca/wp-content/uploads/2013/10/mumbai_chai_gourmet_tea_bulk__99164.jpg]
[www.theteafactory.ca/tea/mumbai-chai/index.html]
[www.theteafactory.ca/tea/assam-gold/index.html]
[www.theteafactory.ca/tea/autumn-orange-spice/index.html]
[www.theteafactory.ca/wp-content/uploads/2013/10/chai_express_gourmet_tea__52775.jpg]
[www.theteafactory.ca/tea/chai-express/index.html]
[www.theteafactory.ca/wp-content/uploads/2013/10/chocolate_chai_gourmet_tea_pile__36601.jpg]
[www.theteafactory.ca/tea/chocolate-chai/index.html]
[www.theteafactory.ca/wp-content/uploads/2013/10/cinnamon_plum_gourmet_tea_bulk__56525.jpg]
[www.theteafactory.ca/tea/cinnamon-plum/index.html]
[www.theteafactory.ca/wp-content/uploads/2013/10/citrus_zip_gourmet_tea_bulk__29651.jpg]
[www.theteafactory.ca/tea/citrus-zip/index.html]
[www.theteafactory.ca/wp-content/uploads/2013/10/afternoon_darjeeling_gourmet_tea__69677.jpg]
[www.theteafactory.ca/tea/darjeeling/index.html]
[www.theteafactory.ca/wp-content/uploads/2013/10/english_breakfast_gourmet_tea__53835.jpg]
[www.theteafactory.ca/tea/english-breakfast/index.html]
[www.theteafactory.ca/wp-content/uploads/2013/10/ancient_yunnan_gourmet_tea__78039.jpg]
[www.theteafactory.ca/tea/forbidden-yunnan/index.html]
[www.theteafactory.ca/wp-content/uploads/2013/10/irish_breakfast_gourmet_tea__00342.jpg]
[www.theteafactory.ca/tea/irish-breakfast/index.html]
[www.theteafactory.ca/wp-content/uploads/2013/10/Puerh_2.jpg]
[www.theteafactory.ca/tea/puerh-2/index.html]
[www.theteafactory.ca/wp-content/uploads/2013/10/golden_puerh.jpg]
[www.theteafactory.ca/tea/golden-puerh-limited/index.html]
[www.theteafactory.ca/wp-content/uploads/2013/10/apple_pie_gourmet_tea_bulk__16789.jpg]
[www.theteafactory.ca/tea/apple-pie/index.html]
[www.theteafactory.ca/wp-content/uploads/2013/10/african_bloom_gourmet_tea_bulk__69000.jpg]
[www.theteafactory.ca/tea/african-bloom/index.html]
[www.theteafactory.ca/wp-content/uploads/2013/10/berry_sweet_dreams_gourmet_tea_bulk__27439.jpg]
[www.theteafactory.ca/tea/berry-sweet-dreams/index.html]
[www.theteafactory.ca/wp-content/uploads/2013/10/berries_and_cream_pile__83721.jpg]
[www.theteafactory.ca/tea/berries-and-cream/index.html]
[www.theteafactory.ca/wp-content/uploads/2013/10/chocolate_mint_gourmet_tea_bulk__60751.jpg]
[www.theteafactory.ca/tea/chocolate-mint/index.html]
[www.theteafactory.ca/wp-content/uploads/2013/10/cinnamon_orange_gourmet_tea__15279.jpg]
[www.theteafactory.ca/tea/cinnamon-orange/index.html]
[www.theteafactory.ca/wp-content/uploads/2013/10/hibiscus_peach_gourmet_tea__25084.jpg]
[www.theteafactory.ca/tea/hibiscus-peach/index.html]
[www.theteafactory.ca/wp-content/uploads/2013/10/passion_fruit_gourmet_tea__82523.jpg]
[www.theteafactory.ca/tea/passion-fruit/index.html]
[www.theteafactory.ca/wp-content/uploads/2013/10/velvet_vanilla_gourmet_tea_bulk__21621.jpg]
[www.theteafactory.ca/tea/velvet-vanilla/index.html]
[www.theteafactory.ca/tea/lazy-dazy/index.html]
[www.theteafactory.ca/tea/detox-tea/index.html]
[www.theteafactory.ca/tea/razzle-dazzle/index.html]
[www.theteafactory.ca/tea/serendipitea/index.html]
[www.theteafactory.ca/tea/sniffle-cure/index.html]
[www.theteafactory.ca/wp-content/uploads/2013/10/tranquil_dream_gourmet_tea_bulk__89862.jpg]
[www.theteafactory.ca/tea/tranquil-dream/index.html]
[www.theteafactory.ca/wp-content/uploads/2013/10/ginger_cinnamon_spice_gourmet_tea__06893.jpg]
[www.theteafactory.ca/tea/cinnamon-ginger/index.html]
[www.theteafactory.ca/wp-content/uploads/2013/10/cinnamon_chai_gourmet_tea_bulk__28361.jpg]
[www.theteafactory.ca/tea/cinnamon-chai/index.html]
[www.theteafactory.ca/tea/afternoon-breeze/index.html]
[www.theteafactory.ca/wp-content/uploads/2013/10/calming_chamomile_gourmet_tea__63624.jpg]
[www.theteafactory.ca/tea/calming-chamomile/index.html]
[www.theteafactory.ca/wp-content/uploads/2013/10/chai_mate_spice_gourmet_tea_bulk__75379.jpg]
[www.theteafactory.ca/tea/chai-mate-spice/index.html]
[www.theteafactory.ca/wp-content/uploads/2013/10/amazon_-mint_mate_bulk__73527.jpg]
[www.theteafactory.ca/tea/amazon-mint/index.html]
[www.theteafactory.ca/wp-content/uploads/2013/10/lemon_rain_gourmet_tea_bulk__60122.jpg]
[www.theteafactory.ca/tea/lemon-rain/index.html]
[www.theteafactory.ca/wp-content/uploads/2013/10/Happy_Tea.jpg]
[www.theteafactory.ca/tea/happy-tea/index.html]
[www.theteafactory.ca/wp-content/uploads/2013/10/Cucumber-Mint.jpg]
[www.theteafactory.ca/tea/cucumber-mint/index.html]
[www.theteafactory.ca/wp-content/themes/theteafactory/library/images/steam-puff.svg]
[www.theteafactory.ca/category/general-news/index.html]
[www.theteafactory.ca/category/general-news/feed/index.html]
[www.theteafactory.ca/indexb8c6.html]
[connect.facebook.net/en_US/all.js]
[www.theteafactory.ca/our-new-website-has-launched/ABCDEFGHIJKLMNOPQRSTUVWXYZabcdefghijklmnopqrstuvwxyz0123456789+/index.html]
[www.theteafactory.ca/restserver.html]
[www.theteafactory.ca/our-new-website-has-launched/%s/profile4d6d.html]
